

================================================================
== Vivado HLS Report for 'aes128_extract_round'
================================================================
* Date:           Tue Apr  9 20:29:32 2024

* Version:        2018.3 (Build 2405991 on Thu Dec 06 23:56:15 MST 2018)
* Project:        AES_HLS_ECE1155
* Solution:       solution1
* Product family: zynq
* Target device:  xc7z020clg400-1


================================================================
== Performance Estimates
================================================================
+ Timing (ns): 
    * Summary: 
    +--------+-------+----------+------------+
    |  Clock | Target| Estimated| Uncertainty|
    +--------+-------+----------+------------+
    |ap_clk  |  10.00|     6.904|        1.25|
    +--------+-------+----------+------------+

+ Latency (clock cycles): 
    * Summary: 
    +-----+-----+-----+-----+---------+
    |  Latency  |  Interval | Pipeline|
    | min | max | min | max |   Type  |
    +-----+-----+-----+-----+---------+
    |   41|   41|   41|   41|   none  |
    +-----+-----+-----+-----+---------+

    + Detail: 
        * Instance: 
        N/A

        * Loop: 
        +-------------+-----+-----+----------+-----------+-----------+------+----------+
        |             |  Latency  | Iteration|  Initiation Interval  | Trip |          |
        |  Loop Name  | min | max |  Latency |  achieved |   target  | Count| Pipelined|
        +-------------+-----+-----+----------+-----------+-----------+------+----------+
        |- Loop 1     |   40|   40|        10|          -|          -|     4|    no    |
        | + Loop 1.1  |    8|    8|         2|          -|          -|     4|    no    |
        +-------------+-----+-----+----------+-----------+-----------+------+----------+



================================================================
== Utilization Estimates
================================================================
* Summary: 
+-----------------+---------+-------+--------+-------+
|       Name      | BRAM_18K| DSP48E|   FF   |  LUT  |
+-----------------+---------+-------+--------+-------+
|DSP              |        -|      -|       -|      -|
|Expression       |        -|      -|       0|     83|
|FIFO             |        -|      -|       -|      -|
|Instance         |        -|      -|       -|      -|
|Memory           |        -|      -|       -|      -|
|Multiplexer      |        -|      -|       -|     45|
|Register         |        -|      -|      33|      -|
+-----------------+---------+-------+--------+-------+
|Total            |        0|      0|      33|    128|
+-----------------+---------+-------+--------+-------+
|Available        |      280|    220|  106400|  53200|
+-----------------+---------+-------+--------+-------+
|Utilization (%)  |        0|      0|   ~0   |   ~0  |
+-----------------+---------+-------+--------+-------+

+ Detail: 
    * Instance: 
    N/A

    * DSP48: 
    N/A

    * Memory: 
    N/A

    * FIFO: 
    N/A

    * Expression: 
    +--------------------+----------+-------+---+----+------------+------------+
    |    Variable Name   | Operation| DSP48E| FF| LUT| Bitwidth P0| Bitwidth P1|
    +--------------------+----------+-------+---+----+------------+------------+
    |i_6_fu_93_p2        |     +    |      0|  0|  12|           3|           1|
    |j_4_fu_121_p2       |     +    |      0|  0|  12|           3|           1|
    |sum_fu_136_p2       |     +    |      0|  0|  15|           8|           8|
    |tmp_12_fu_158_p2    |     +    |      0|  0|  13|           4|           4|
    |tmp_s_fu_127_p2     |     +    |      0|  0|  13|           4|           4|
    |exitcond1_fu_87_p2  |   icmp   |      0|  0|   9|           3|           4|
    |exitcond_fu_115_p2  |   icmp   |      0|  0|   9|           3|           4|
    +--------------------+----------+-------+---+----+------------+------------+
    |Total               |          |      0|  0|  83|          28|          26|
    +--------------------+----------+-------+---+----+------------+------------+

    * Multiplexer: 
    +-----------+----+-----------+-----+-----------+
    |    Name   | LUT| Input Size| Bits| Total Bits|
    +-----------+----+-----------+-----+-----------+
    |ap_NS_fsm  |  27|          5|    1|          5|
    |i_reg_57   |   9|          2|    3|          6|
    |j_reg_68   |   9|          2|    3|          6|
    +-----------+----+-----------+-----+-----------+
    |Total      |  45|          9|    7|         17|
    +-----------+----+-----------+-----+-----------+

    * Register: 
    +----------------+---+----+-----+-----------+
    |      Name      | FF| LUT| Bits| Const Bits|
    +----------------+---+----+-----+-----------+
    |ap_CS_fsm       |  4|   0|    4|          0|
    |i_6_reg_180     |  3|   0|    3|          0|
    |i_cast_reg_172  |  3|   0|    4|          1|
    |i_reg_57        |  3|   0|    3|          0|
    |j_4_reg_193     |  3|   0|    3|          0|
    |j_reg_68        |  3|   0|    3|          0|
    |tmp_12_reg_203  |  4|   0|    4|          0|
    |tmp_14_reg_167  |  8|   0|    8|          0|
    |tmp_reg_185     |  2|   0|    4|          2|
    +----------------+---+----+-----+-----------+
    |Total           | 33|   0|   36|          3|
    +----------------+---+----+-----+-----------+



================================================================
== Interface
================================================================
* Summary: 
+-----------------------+-----+-----+------------+----------------------+--------------+
|       RTL Ports       | Dir | Bits|  Protocol  |     Source Object    |    C Type    |
+-----------------------+-----+-----+------------+----------------------+--------------+
|ap_clk                 |  in |    1| ap_ctrl_hs | aes128_extract_round | return value |
|ap_rst                 |  in |    1| ap_ctrl_hs | aes128_extract_round | return value |
|ap_start               |  in |    1| ap_ctrl_hs | aes128_extract_round | return value |
|ap_done                | out |    1| ap_ctrl_hs | aes128_extract_round | return value |
|ap_idle                | out |    1| ap_ctrl_hs | aes128_extract_round | return value |
|ap_ready               | out |    1| ap_ctrl_hs | aes128_extract_round | return value |
|expanded_key_address0  | out |    8|  ap_memory |     expanded_key     |     array    |
|expanded_key_ce0       | out |    1|  ap_memory |     expanded_key     |     array    |
|expanded_key_q0        |  in |    8|  ap_memory |     expanded_key     |     array    |
|expanded_key_offset    |  in |   10|   ap_none  |  expanded_key_offset |    scalar    |
|round_key_address0     | out |    4|  ap_memory |       round_key      |     array    |
|round_key_ce0          | out |    1|  ap_memory |       round_key      |     array    |
|round_key_we0          | out |    1|  ap_memory |       round_key      |     array    |
|round_key_d0           | out |    8|  ap_memory |       round_key      |     array    |
+-----------------------+-----+-----+------------+----------------------+--------------+

